src/components/ProductDetail.tsx(1,1): error TS6133: 'React' is declared but its value is never read.
src/components/Showcase.tsx(1,1): error TS6133: 'React' is declared but its value is never read.
